// Jest Snapshot v1, https://goo.gl/fbAQLP

exports[`GetQueryParam should resolve the queryParam 1`] = `
<ng-component
  __ngContext__="0"
  test$={[Function Observable]}
>
  <span>
    eintest
  </span>
</ng-component>
`;
